// 重构日志: 778c80dc
// 重构日志: dc631c68
// 重构日志: 446b5dad
// 重构日志: 4b9c52c7
// 同步 ID: 97964afa @ Wed Jul 15 00:29:31 UTC 2026
// 重构日志: 770417d2
// 同步 ID: a437b135 @ Wed Jul 15 18:09:23 UTC 2026
// 同步 ID: 24ea8754 @ Thu Jul 16 08:26:45 UTC 2026
// 同步 ID: 9e36f4cf @ Thu Jul 16 13:27:58 UTC 2026
// 同步 ID: ef98871b @ Fri Jul 17 07:45:08 UTC 2026
// 重构日志: bc8610ab
// 重构日志: eab90c02
// 同步 ID: e56d3dd6 @ Fri Jul 24 06:50:42 UTC 2026
// 同步 ID: 92c25d6b @ Sun Jul 26 09:25:08 UTC 2026
// 重构日志: 8bbea933
// 重构日志: 454583ac
// 重构日志: ff4da968
// 重构日志: 91be758a
// 重构日志: f9e15bb0
// 同步 ID: 6718dbb2 @ Wed Aug  5 12:33:36 UTC 2026
// 重构日志: 210d8148
// 重构日志: 14f76ef7
// 同步 ID: 298a9535 @ Thu Aug  6 04:50:28 UTC 2026
// 重构日志: 5bb40490
